// Jest Snapshot v1, https://goo.gl/fbAQLP

exports[`Parser parse 1`] = `
[
  {
    "lines": [
      "<br>",
      "Let's get to the point. The core of PSTricks is graphics!",
      "<br>",
    ],
    "settings": {
      "fillstyle": "none",
      "linecolor": "black",
      "linestyle": "solid",
      "runit": 50,
      "unit": 50,
      "xunit": 50,
      "yunit": 50,
    },
    "type": "math",
  },
  {
    "env": {
      "h": 10,
      "w": 10,
      "x0": -5,
      "x1": 5,
      "xunit": 50,
      "y0": -5,
      "y1": 5,
      "yunit": 50,
    },
    "lines": [
      "\\psline{->}(0,-3.75)(0,3.75)",
      "\\psline{->}(-3.75,0)(3.75,0)",
      "\\pscircle(0,0){ 3 }",
    ],
    "match": [
      "\\begin{pspicture}(-5,-5)(5,5)",
      "-5",
      "-5",
      "5",
      "5",
    ],
    "plot": {
      "psarc": [],
      "psaxes": [],
      "pscircle": [
        {
          "data": {
            "cx": 250,
            "cy": 250,
            "r": 150,
          },
          "env": {
            "h": 10,
            "w": 10,
            "x0": -5,
            "x1": 5,
            "xunit": 50,
            "y0": -5,
            "y1": 5,
            "yunit": 50,
          },
          "fn": [Function],
          "match": [
            "\\pscircle(0,0){ 3 }",
            "0",
            "0",
            " 3 ",
          ],
        },
      ],
      "psframe": [],
      "psline": [
        {
          "data": {
            "arrows": [
              0,
              1,
            ],
            "dots": [
              0,
              0,
            ],
            "fillcolor": "black",
            "fillstyle": "solid",
            "linecolor": "black",
            "linestyle": "solid",
            "linewidth": 2,
            "x1": 250,
            "x2": 250,
            "y1": 437.5,
            "y2": 62.5,
          },
          "env": {
            "h": 10,
            "w": 10,
            "x0": -5,
            "x1": 5,
            "xunit": 50,
            "y0": -5,
            "y1": 5,
            "yunit": 50,
          },
          "fn": [Function],
          "match": [
            "\\psline{->}(0,-3.75)(0,3.75)",
            undefined,
            "{->}",
            "0",
            "-3.75",
            "(0,3.75)",
            "0",
            "3.75",
          ],
        },
        {
          "data": {
            "arrows": [
              0,
              1,
            ],
            "dots": [
              0,
              0,
            ],
            "fillcolor": "black",
            "fillstyle": "solid",
            "linecolor": "black",
            "linestyle": "solid",
            "linewidth": 2,
            "x1": 62.5,
            "x2": 437.5,
            "y1": 250,
            "y2": 250,
          },
          "env": {
            "h": 10,
            "w": 10,
            "x0": -5,
            "x1": 5,
            "xunit": 50,
            "y0": -5,
            "y1": 5,
            "yunit": 50,
          },
          "fn": [Function],
          "match": [
            "\\psline{->}(-3.75,0)(3.75,0)",
            undefined,
            "{->}",
            "-3.75",
            "0",
            "(3.75,0)",
            "3.75",
            "0",
          ],
        },
      ],
      "pspicture": [],
      "psplot": [],
      "pspolygon": [],
      "psset": [],
      "rput": [],
      "slider": [],
      "userline": [],
      "uservariable": [],
    },
    "settings": {
      "fillstyle": "none",
      "h": 10,
      "linecolor": "black",
      "linestyle": "solid",
      "runit": 50,
      "unit": 50,
      "w": 10,
      "x0": -5,
      "x1": 5,
      "xunit": 50,
      "y0": -5,
      "y1": 5,
      "yunit": 50,
    },
    "type": "pspicture",
  },
  {
    "lines": [
      "<br>",
      "which can be produced using the following $\\TeX$:",
      "<br>",
    ],
    "settings": {
      "fillstyle": "none",
      "h": 10,
      "linecolor": "black",
      "linestyle": "solid",
      "runit": 50,
      "unit": 50,
      "w": 10,
      "x0": -5,
      "x1": 5,
      "xunit": 50,
      "y0": -5,
      "y1": 5,
      "yunit": 50,
    },
    "type": "math",
  },
  {
    "lines": [
      "\\begin{pspicture}(-5,-5)(5,5)",
      "\\psline{->}(0,-3.75)(0,3.75)",
      "\\psline{->}(-3.75,0)(3.75,0)",
      "\\pscircle(0,0){ 3 }",
      "\\end{pspicture}",
    ],
    "settings": {
      "fillstyle": "none",
      "h": 10,
      "linecolor": "black",
      "linestyle": "solid",
      "runit": 50,
      "unit": 50,
      "w": 10,
      "x0": -5,
      "x1": 5,
      "xunit": 50,
      "y0": -5,
      "y1": 5,
      "yunit": 50,
    },
    "type": "verbatim",
  },
  {
    "lines": [
      "<br>",
    ],
    "settings": {
      "fillstyle": "none",
      "h": 10,
      "linecolor": "black",
      "linestyle": "solid",
      "runit": 50,
      "unit": 50,
      "w": 10,
      "x0": -5,
      "x1": 5,
      "xunit": 50,
      "y0": -5,
      "y1": 5,
      "yunit": 50,
    },
    "type": "math",
  },
]
`;

exports[`Parser parser 1`] = `
[
  {
    "lines": [
      "<br>",
      "Let's get to the point. The core of PSTricks is graphics!",
      "<br>",
    ],
    "settings": {
      "fillstyle": "none",
      "linecolor": "black",
      "linestyle": "solid",
      "runit": 50,
      "unit": 50,
      "xunit": 50,
      "yunit": 50,
    },
    "type": "math",
  },
  {
    "env": {
      "h": 10,
      "w": 10,
      "x0": -5,
      "x1": 5,
      "xunit": 50,
      "y0": -5,
      "y1": 5,
      "yunit": 50,
    },
    "lines": [
      "\\psline{->}(0,-3.75)(0,3.75)",
      "\\psline{->}(-3.75,0)(3.75,0)",
      "\\pscircle(0,0){ 3 }",
    ],
    "match": [
      "\\begin{pspicture}(-5,-5)(5,5)",
      "-5",
      "-5",
      "5",
      "5",
    ],
    "plot": {
      "psarc": [],
      "psaxes": [],
      "pscircle": [
        {
          "data": {
            "cx": 250,
            "cy": 250,
            "r": 150,
          },
          "env": {
            "h": 10,
            "w": 10,
            "x0": -5,
            "x1": 5,
            "xunit": 50,
            "y0": -5,
            "y1": 5,
            "yunit": 50,
          },
          "fn": [Function],
          "match": [
            "\\pscircle(0,0){ 3 }",
            "0",
            "0",
            " 3 ",
          ],
        },
      ],
      "psframe": [],
      "psline": [
        {
          "data": {
            "arrows": [
              0,
              1,
            ],
            "dots": [
              0,
              0,
            ],
            "fillcolor": "black",
            "fillstyle": "solid",
            "linecolor": "black",
            "linestyle": "solid",
            "linewidth": 2,
            "x1": 250,
            "x2": 250,
            "y1": 437.5,
            "y2": 62.5,
          },
          "env": {
            "h": 10,
            "w": 10,
            "x0": -5,
            "x1": 5,
            "xunit": 50,
            "y0": -5,
            "y1": 5,
            "yunit": 50,
          },
          "fn": [Function],
          "match": [
            "\\psline{->}(0,-3.75)(0,3.75)",
            undefined,
            "{->}",
            "0",
            "-3.75",
            "(0,3.75)",
            "0",
            "3.75",
          ],
        },
        {
          "data": {
            "arrows": [
              0,
              1,
            ],
            "dots": [
              0,
              0,
            ],
            "fillcolor": "black",
            "fillstyle": "solid",
            "linecolor": "black",
            "linestyle": "solid",
            "linewidth": 2,
            "x1": 62.5,
            "x2": 437.5,
            "y1": 250,
            "y2": 250,
          },
          "env": {
            "h": 10,
            "w": 10,
            "x0": -5,
            "x1": 5,
            "xunit": 50,
            "y0": -5,
            "y1": 5,
            "yunit": 50,
          },
          "fn": [Function],
          "match": [
            "\\psline{->}(-3.75,0)(3.75,0)",
            undefined,
            "{->}",
            "-3.75",
            "0",
            "(3.75,0)",
            "3.75",
            "0",
          ],
        },
      ],
      "pspicture": [],
      "psplot": [],
      "pspolygon": [],
      "psset": [],
      "rput": [],
      "slider": [],
      "userline": [],
      "uservariable": [],
    },
    "settings": {
      "fillstyle": "none",
      "h": 10,
      "linecolor": "black",
      "linestyle": "solid",
      "runit": 50,
      "unit": 50,
      "w": 10,
      "x0": -5,
      "x1": 5,
      "xunit": 50,
      "y0": -5,
      "y1": 5,
      "yunit": 50,
    },
    "type": "pspicture",
  },
  {
    "lines": [
      "<br>",
      "which can be produced using the following $\\TeX$:",
      "<br>",
    ],
    "settings": {
      "fillstyle": "none",
      "h": 10,
      "linecolor": "black",
      "linestyle": "solid",
      "runit": 50,
      "unit": 50,
      "w": 10,
      "x0": -5,
      "x1": 5,
      "xunit": 50,
      "y0": -5,
      "y1": 5,
      "yunit": 50,
    },
    "type": "math",
  },
  {
    "lines": [
      "\\begin{pspicture}(-5,-5)(5,5)",
      "\\psline{->}(0,-3.75)(0,3.75)",
      "\\psline{->}(-3.75,0)(3.75,0)",
      "\\pscircle(0,0){ 3 }",
      "\\end{pspicture}",
    ],
    "settings": {
      "fillstyle": "none",
      "h": 10,
      "linecolor": "black",
      "linestyle": "solid",
      "runit": 50,
      "unit": 50,
      "w": 10,
      "x0": -5,
      "x1": 5,
      "xunit": 50,
      "y0": -5,
      "y1": 5,
      "yunit": 50,
    },
    "type": "verbatim",
  },
  {
    "lines": [
      "<br>",
    ],
    "settings": {
      "fillstyle": "none",
      "h": 10,
      "linecolor": "black",
      "linestyle": "solid",
      "runit": 50,
      "unit": 50,
      "w": 10,
      "x0": -5,
      "x1": 5,
      "xunit": 50,
      "y0": -5,
      "y1": 5,
      "yunit": 50,
    },
    "type": "math",
  },
]
`;
